[fuckgunslol.netlify.app/index.html]
[backblue.gif]
[fade.gif]
[index.html]
[fuckgunslol.netlify.app/assets/custom_cursor.png]
[fuckgunslol.netlify.app/assets/Angel_wish.ttf]
[fuckgunslol.netlify.app/assets/background.mp4]
[fuckgunslol.netlify.app/assets/profile.gif]
[fuckgunslol.netlify.app/assets/staff.gif]
[fuckgunslol.netlify.app/assets/owner.gif]
[fuckgunslol.netlify.app/assets/partner.gif]
[fuckgunslol.netlify.app/assets/developer.png]
[fuckgunslol.netlify.app/assets/bug_bounty.gif]
[fuckgunslol.netlify.app/assets/hated_guns.gif]
[fuckgunslol.netlify.app/assets/hated_fakecrime.gif]
[fuckgunslol.netlify.app/assets/verified.gif]
[fuckgunslol.netlify.app/assets/rule_maker.gif]
[fuckgunslol.netlify.app/assets/discord.png]
[fuckgunslol.netlify.app/assets/github.png]
[fuckgunslol.netlify.app/assets/youtube.png]
[fuckgunslol.netlify.app/assets/tiktok.png]
[fuckgunslol.netlify.app/assets/python.png]
[fuckgunslol.netlify.app/assets/cpp.png]
[fuckgunslol.netlify.app/assets/csharp.png]
[fuckgunslol.netlify.app/assets/background_music.mp3]
[fuckgunslol.netlify.app/assets/hacker_music.mp3]
[fuckgunslol.netlify.app/assets/rain_music.mp3]
[fuckgunslol.netlify.app/assets/anime_music.mp3]
[fuckgunslol.netlify.app/assets/car_music.mp3]
[cdnjs.cloudflare.com/ajax/libs/gsap/3.12.2/gsap.min.js]
[fuckgunslol.netlify.app/index.html]
[fuckgunslol.netlify.app/script.js]
